All Permissions:

permission:com.yahoo.mobile.client.android.weather.permission.MAPS_RECEIVE
permission:com.google.android.gms.permission.GAMES_DEBUG_SETTINGS
permission:com.facebook.receiver.permission.ACCESS
permission:com.google.android.gms.permission.INTERNAL_BROADCAST
permission:com.whatsapp.permission.C2D_MESSAGE
permission:com.linecorp.snapmovie.permission.RECORD_MOVIE
permission:android.permission.INTERNAL_SYSTEM_WINDOW
permission:com.google.android.googlequicksearchbox.permission.C2D_MESSAGE
permission:android.permission.MOVE_PACKAGE
permission:com.vivo.listen.voicewakeup.permission.REMOTE_SERVICE
permission:android.permission.CONTROL_WIFI_DISPLAY
permission:android.permission.READ_INPUT_STATE
permission:com.facebook.katana.permission.C2D_MESSAGE
permission:com.google.android.voicesearch.ACCESS_SETTINGS
permission:com.android.launcher3.permission.RECEIVE_LAUNCH_BROADCASTS
permission:com.google.android.providers.settings.permission.READ_GSETTINGS
permission:com.android.chrome.permission.READ_WRITE_BOOKMARK_FOLDERS
permission:com.tencent.mm.permission.GET_QRCODE_INFO
permission:android.permission.REBOOT
permission:bbk.theme.permission.ACCESS_SYSTEM_FONT
permission:android.permission.FILTER_EVENTS
permission:com.google.android.googleapps.permission.GOOGLE_AUTH.doraemon
permission:com.android.vending.billing.BILLING_ACCOUNT_SERVICE
permission:android.permission.STATUS_BAR
permission:android.permission.ACCESS_DOWNLOAD_MANAGER_ADVANCED
permission:android.permission.STOP_APP_SWITCHES
permission:android.permission.BIND_VPN_SERVICE
permission:android.permission.SET_KEYBOARD_LAYOUT
permission:android.permission.MANAGE_APP_TOKENS
permission:com.google.android.voicesearch.AUDIO_FILE_ACCESS
permission:android.permission.RETRIEVE_WINDOW_INFO
permission:com.facebook.katana.permission.CROSS_PROCESS_BROADCAST_MANAGER
permission:com.google.android.partnersetup.permission.ACCESS_PROVIDER
permission:android.permission.BIND_PACKAGE_VERIFIER
permission:com.waze.permission.C2D_MESSAGE
permission:com.google.android.apps.now.CURRENT_ACCOUNT_ACCESS
permission:com.facebook.permission.debug.SYSTEM_COMMUNICATION
permission:com.tencent.mm.permission.MM_MESSAGE
permission:com.yahoo.mobile.client.android.permissions.YAHOO_INTER_APP
permission:android.permission.COPY_PROTECTED_DATA
permission:com.android.email.permission.ACCESS_PROVIDER
permission:com.google.android.googleapps.permission.GOOGLE_AUTH.goanna_mobile
permission:android.server.checkin.CHECKIN.permission.C2D_MESSAGE
permission:android.permission.MASTER_CLEAR
permission:android.permission.MODIFY_NETWORK_ACCOUNTING
permission:android.permission.READ_NETWORK_USAGE_HISTORY
permission:jp.naver.line.android.permission.C2D_MESSAGE
permission:android.permission.INJECT_EVENTS
permission:android.permission.ACCESS_BLUETOOTH_SHARE
permission:com.google.android.apps.chrome.permission.CHILD_SERVICE
permission:android.permission.INSTALL_LOCATION_PROVIDER
permission:com.facebook.katana.provider.ACCESS
permission:com.twitter.android.permission.RESTRICTED
permission:com.google.android.gsf.permission.CONNECTION
permission:android.permission.UPDATE_LOCK
permission:com.tencent.mm.permission.LOGOUT
permission:android.permission.CONFIRM_FULL_BACKUP
permission:android.permission.PACKAGE_USAGE_STATS
permission:android.permission.ACCESS_SURFACE_FLINGER
permission:android.permission.PACKAGE_VERIFICATION_AGENT
permission:com.google.android.gms.permission.C2D_MESSAGE
permission:android.intent.category.MASTER_CLEAR.permission.C2D_MESSAGE
permission:com.android.vending.billing.ADD_CREDIT_CARD
permission:jp.naver.android.npush.permission.PUSH_MESSAGE
permission:com.whatsapp.permission.MAPS_RECEIVE
permission:android.permission.ALLOW_ANY_CODEC_FOR_PLAYBACK
permission:android.permission.BIND_TEXT_SERVICE
permission:android.permission.GRANT_REVOKE_PERMISSIONS
permission:com.google.android.providers.settings.permission.WRITE_GSETTINGS
permission:android.permission.READ_FRAME_BUFFER
permission:com.google.android.apps.now.REMOTE_ACCESS
permission:android.permission.UPDATE_DEVICE_STATS
permission:android.permission.FORCE_BACK
permission:com.twitter.android.permission.C2D_MESSAGE
permission:com.android.vending.INTENT_VENDING_ONLY
permission:com.twitter.android.permission.MAPS_RECEIVE
permission:com.android.permission.HANDOVER_STATUS
permission:com.tencent.mm.oauth.permission.SEND
permission:android.permission.SET_ORIENTATION
permission:android.permission.FACTORY_TEST
permission:com.google.android.gms.permission.LAUNCH_MDM_SETTINGS
permission:android.permission.MAGNIFY_DISPLAY
permission:com.google.android.googleapps.permission.ACCESS_GOOGLE_PASSWORD
permission:android.permission.BIND_DEVICE_ADMIN
permission:com.google.android.apps.now.OPT_IN_WIZARD
permission:com.android.gallery3d.permission.GALLERY_PROVIDER
permission:com.google.android.googlequicksearchbox.LAUNCH_WITH_RECORDED_AUDIO
permission:android.permission.CLEAR_APP_USER_DATA
permission:com.google.android.hangouts.START_HANGOUT
permission:android.permission.SHUTDOWN
permission:android.permission.BIND_INPUT_METHOD
permission:android.permission.BIND_ACCESSIBILITY_SERVICE
permission:android.permission.ACCESS_DRM
permission:com.tencent.mm.plugin.permission.READ
permission:android.permission.DOWNLOAD_CACHE_NON_PURGEABLE
permission:com.android.vending.billing.IN_APP_NOTIFY.permission.C2D_MESSAGE
permission:com.android.browser.permission.READ_HOMEPAGE
permission:com.android.vending.TOS_ACKED
permission:android.permission.SEND_DOWNLOAD_COMPLETED_INTENTS
permission:android.permission.SERIAL_PORT
permission:android.permission.CONFIGURE_WIFI_DISPLAY
permission:android.permission.ACCESS_CHECKIN_PROPERTIES
permission:jp.naver.line.android.permission.LINE_ACCESS
permission:android.permission.CRYPT_KEEPER
permission:android.permission.DEVICE_POWER
permission:android.permission.DELETE_PACKAGES
permission:android.permission.ACCESS_CACHE_FILESYSTEM
permission:com.tencent.mm.plugin.permission.WRITE
permission:com.android.permission.WHITELIST_BLUETOOTH_DEVICE
permission:com.android.chrome.TOS_ACKED
permission:com.google.android.googleapps.permission.GOOGLE_AUTH.reader
permission:com.google.android.apps.plus.permission.C2D_MESSAGE
permission:com.google.android.partnersetup.permission.UPDATE_CLIENT_ID
permission:android.permission.ACCESS_ALL_DOWNLOADS
permission:com.google.android.googleapps.permission.GOOGLE_MAIL_SWITCH
permission:com.tencent.mm.permission.MM_VIDEO_RECORDER_UI
permission:android.permission.ACCESS_DOWNLOAD_MANAGER
permission:android.permission.CONTROL_LOCATION_UPDATES
permission:com.google.android.googleapps.permission.GOOGLE_AUTH.geowiki
permission:com.google.android.gsf.permission.C2D_MESSAGE
permission:android.permission.DELETE_CACHE_FILES
permission:com.google.android.providers.gsf.permission.WRITE_GSERVICES
permission:com.facebook.permission.prod.FB_APP_COMMUNICATION
permission:android.permission.INSTALL_DRM
permission:com.android.vending.permission.C2D_MESSAGE
permission:com.google.android.gsf.subscribedfeeds.permission.C2D_MESSAGE
permission:com.google.googlenav.friend.permission.OPT_IN
permission:android.permission.BRICK
permission:android.permission.SET_ACTIVITY_WATCHER
permission:android.permission.BACKUP
permission:android.permission.SET_TIME
permission:pioneer.permission.appradio.ADVANCED_APPMODE
permission:android.permission.STATUS_BAR_SERVICE
permission:jp.naver.line.android.permission.AOM_MESSAGE
permission:com.google.android.talk.permission.C2D_MESSAGE
permission:android.permission.PERFORM_CDMA_PROVISIONING
permission:android.permission.INSTALL_PACKAGES
permission:com.android.browser.permission.PRELOAD
permission:android.permission.SET_POINTER_SPEED
permission:com.android.gallery3d.filtershow.permission.WRITE
permission:com.vivo.daemonService.motion.shake
permission:android.permission.CALL_PRIVILEGED
permission:android.permission.CHANGE_COMPONENT_ENABLED_STATE
permission:com.android.browser.permission.WRITE_HOMEPAGE
permission:android.permission.ADVANCED_WIDGET_API
permission:android.permission.MANAGE_NETWORK_POLICY
permission:android.permission.WRITE_GSERVICES
permission:com.google.android.marvin.feedback.permission.TALKBACK
permission:com.android.chrome.permission.C2D_MESSAGE
permission:android.permission.FREEZE_SCREEN
permission:android.permission.BIND_WALLPAPER
permission:com.facebook.katana.permission.RECEIVE_ADM_MESSAGE
permission:android.permission.BIND_REMOTEVIEWS
permission:com.android.gallery3d.filtershow.permission.READ
permission:android.permission.BAIDU_LOCATION_SERVICE
permission:android.permission.TEMPORARY_ENABLE_ACCESSIBILITY
permission:android.permission.ACCESS_CONTENT_PROVIDERS_EXTERNALLY
permission:com.vlife.wallpaper.permission.IPC
permission:com.google.android.apps.plus.permission.MAPS_RECEIVE
permission:com.google.android.googleapps.permission.GOOGLE_AUTH.panoramio
